**Today I performed one task with useing pvcreate vgcreate and lv create commands**

ubuntu@ip-172-31-16-245:~$ sudo -i
root@ip-172-31-16-245:~# df -h
Filesystem      Size  Used Avail Use% Mounted on
/dev/root       7.6G  1.6G  6.0G  21% /
tmpfs           475M     0  475M   0% /dev/shm
tmpfs           190M  864K  190M   1% /run
tmpfs           5.0M     0  5.0M   0% /run/lock
/dev/xvda15     105M  6.1M   99M   6% /boot/efi
tmpfs            95M  4.0K   95M   1% /run/user/1000
root@ip-172-31-16-245:~# lsblk
NAME     MAJ:MIN RM  SIZE RO TYPE MOUNTPOINTS
loop0      7:0    0 24.9M  1 loop /snap/amazon-ssm-agent/7628
loop1      7:1    0 55.7M  1 loop /snap/core18/2812
loop2      7:2    0 63.9M  1 loop /snap/core20/2105
loop3      7:3    0   87M  1 loop /snap/lxd/26881
loop4      7:4    0 40.4M  1 loop /snap/snapd/20671
xvda     202:0    0    8G  0 disk
├─xvda1  202:1    0  7.9G  0 part /
├─xvda14 202:14   0    4M  0 part
└─xvda15 202:15   0  106M  0 part /boot/efi
xvdb     202:16   0    5G  0 disk
xvdc     202:32   0    5G  0 disk

root@ip-172-31-16-245:~# **fdisk /dev/xvdb**

Welcome to fdisk (util-linux 2.37.2).
Changes will remain in memory only, until you decide to write them.
Be careful before using the write command.

Device does not contain a recognized partition table.
Created a new DOS disklabel with disk identifier 0xf1033966.

Command (m for help): **m**

Help:

  DOS (MBR)
   a   toggle a bootable flag
   b   edit nested BSD disklabel
   c   toggle the dos compatibility flag

  Generic
   d   delete a partition
   F   list free unpartitioned space
   l   list known partition types
   n   add a new partition
   p   print the partition table
   t   change a partition type
   v   verify the partition table
   i   print information about a partition

  Misc
   m   print this menu
   u   change display/entry units
   x   extra functionality (experts only)

  Script
   I   load disk layout from sfdisk script file
   O   dump disk layout to sfdisk script file

  Save & Exit
   w   write table to disk and exit
   q   quit without saving changes

  Create a new label
   g   create a new empty GPT partition table
   G   create a new empty SGI (IRIX) partition table
   o   create a new empty DOS partition table
   s   create a new empty Sun partition table


Command (m for help): **n**

Partition type
   p   primary (0 primary, 0 extended, 4 free)
   e   extended (container for logical partitions)
Select (default p): p
Partition number (1-4, default 1):
First sector (2048-10485759, default 2048):
Last sector, +/-sectors or +/-size{K,M,G,T,P} (2048-10485759, default 10485759): **+2G**

Created a new partition 1 of type 'Linux' and of size 2 GiB.

Command (m for help): **p**

Disk /dev/xvdb: 5 GiB, 5368709120 bytes, 10485760 sectors
Units: sectors of 1 * 512 = 512 bytes
Sector size (logical/physical): 512 bytes / 512 bytes
I/O size (minimum/optimal): 512 bytes / 512 bytes
Disklabel type: dos
Disk identifier: 0xf1033966

Device     Boot Start     End Sectors Size Id Type
/dev/xvdb1       2048 4196351 4194304   2G 83 Linux

Command (m for help): **t**

Selected partition 1
Hex code or alias (type L to list all): **8e**

Changed type of partition 'Linux' to 'Linux LVM'.

Command (m for help): **p**

Disk /dev/xvdb: 5 GiB, 5368709120 bytes, 10485760 sectors
Units: sectors of 1 * 512 = 512 bytes
Sector size (logical/physical): 512 bytes / 512 bytes
I/O size (minimum/optimal): 512 bytes / 512 bytes
Disklabel type: dos
Disk identifier: 0xf1033966

Device     Boot Start     End Sectors Size Id Type
/dev/xvdb1       2048 4196351 4194304   2G 8e Linux LVM

Command (m for help): **wq**

The partition table has been altered.
Calling ioctl() to re-read partition table.
Syncing disks.

root@ip-172-31-16-245:~# **partprobe /dev/xvdb**

root@ip-172-31-16-245:~# **fdisk /dev/xvdc**

Welcome to fdisk (util-linux 2.37.2).
Changes will remain in memory only, until you decide to write them.
Be careful before using the write command.

Device does not contain a recognized partition table.
Created a new DOS disklabel with disk identifier 0xf228c4ec.

Command (m for help): **m**

Help:

  DOS (MBR)
   a   toggle a bootable flag
   b   edit nested BSD disklabel
   c   toggle the dos compatibility flag

  Generic
   d   delete a partition
   F   list free unpartitioned space
   l   list known partition types
   n   add a new partition
   p   print the partition table
   t   change a partition type
   v   verify the partition table
   i   print information about a partition

  Misc
   m   print this menu
   u   change display/entry units
   x   extra functionality (experts only)

  Script
   I   load disk layout from sfdisk script file
   O   dump disk layout to sfdisk script file

  Save & Exit
   w   write table to disk and exit
   q   quit without saving changes

  Create a new label
   g   create a new empty GPT partition table
   G   create a new empty SGI (IRIX) partition table
   o   create a new empty DOS partition table
   s   create a new empty Sun partition table


Command (m for help): **n**

Partition type
   p   primary (0 primary, 0 extended, 4 free)
   e   extended (container for logical partitions)
Select (default p): p
Partition number (1-4, default 1):
First sector (2048-10485759, default 2048):
Last sector, +/-sectors or +/-size{K,M,G,T,P} (2048-10485759, default 10485759): **+2G**

Created a new partition 1 of type 'Linux' and of size 2 GiB.

Command (m for help): **p**

Disk /dev/xvdc: 5 GiB, 5368709120 bytes, 10485760 sectors
Units: sectors of 1 * 512 = 512 bytes
Sector size (logical/physical): 512 bytes / 512 bytes
I/O size (minimum/optimal): 512 bytes / 512 bytes
Disklabel type: dos
Disk identifier: 0xf228c4ec

Device     Boot Start     End Sectors Size Id Type
/dev/xvdc1       2048 4196351 4194304   2G 83 Linux

Command (m for help): **t**
Selected partition 1
Hex code or alias (type L to list all): 8e
Changed type of partition 'Linux' to 'Linux LVM'.

Command (m for help): **p**

Disk /dev/xvdc: 5 GiB, 5368709120 bytes, 10485760 sectors
Units: sectors of 1 * 512 = 512 bytes
Sector size (logical/physical): 512 bytes / 512 bytes
I/O size (minimum/optimal): 512 bytes / 512 bytes
Disklabel type: dos
Disk identifier: 0xf228c4ec

Device     Boot Start     End Sectors Size Id Type
/dev/xvdc1       2048 4196351 4194304   2G 8e Linux LVM

Command (m for help): **wq**

The partition table has been altered.
Calling ioctl() to re-read partition table.
Syncing disks.

root@ip-172-31-16-245:~# **partprobe /dev/xvdc**

root@ip-172-31-16-245:~# **fdisk -l /dev/xvdb**

Disk /dev/xvdb: 5 GiB, 5368709120 bytes, 10485760 sectors
Units: sectors of 1 * 512 = 512 bytes
Sector size (logical/physical): 512 bytes / 512 bytes
I/O size (minimum/optimal): 512 bytes / 512 bytes
Disklabel type: dos
Disk identifier: 0xf1033966

**Device     Boot Start     End Sectors Size Id Type
/dev/xvdb1       2048 4196351 4194304   2G 8e Linux LVM**

root@ip-172-31-16-245:~# **fdisk -l /dev/xvdc**

Disk /dev/xvdc: 5 GiB, 5368709120 bytes, 10485760 sectors
Units: sectors of 1 * 512 = 512 bytes
Sector size (logical/physical): 512 bytes / 512 bytes
I/O size (minimum/optimal): 512 bytes / 512 bytes
Disklabel type: dos
Disk identifier: 0xf228c4ec

**Device     Boot Start     End Sectors Size Id Type
/dev/xvdc1       2048 4196351 4194304   2G 8e Linux LVM**

root@ip-172-31-16-245:~# **pvcreate /dev/xvdb1 /dev/xvdc1**

  Physical volume "/dev/xvdb1" successfully created.
  Physical volume "/dev/xvdc1" successfully created.

root@ip-172-31-16-245:~# **pvs**

  PV         VG Fmt  Attr PSize PFree
  /dev/xvdb1    lvm2 ---  2.00g 2.00g
  /dev/xvdc1    lvm2 ---  2.00g 2.00g

root@ip-172-31-16-245:~# **vgcreate vg1 /dev/xvdb1 /dev/xvdc1**

  Volume group "vg1" successfully created

root@ip-172-31-16-245:~# **vgs**

  VG  #PV #LV #SN Attr   VSize VFree
  vg1   2   0   0 wz--n- 3.99g 3.99g
root@ip-172-31-16-245:~# **lvcreate -n lv0 -L +3G vg1**

  Logical volume "lv0" created.

root@ip-172-31-16-245:~# **lvdisplay /dev/vg1/lv0**
  --- Logical volume ---
  LV Path                /dev/vg1/lv0
  LV Name                lv0
  VG Name                vg1
  LV UUID                k1RE1i-5V4t-ULew-T02y-gYV1-siGd-ksW30c
  LV Write Access        read/write
  LV Creation host, time ip-172-31-16-245, 2024-03-14 06:55:34 +0000
  LV Status              available
  # open                 0
  LV Size                3.00 GiB
  Current LE             768
  Segments               2
  Allocation             inherit
  Read ahead sectors     auto
  - currently set to     256
  Block device           253:0

root@ip-172-31-16-245:~# **mkfs.ext4 /dev/vg1/lv0**

mke2fs 1.46.5 (30-Dec-2021)
Creating filesystem with 786432 4k blocks and 196608 inodes
Filesystem UUID: 09fe12d4-82ff-4ddc-91c1-31ea52f51e19
Superblock backups stored on blocks:
        32768, 98304, 163840, 229376, 294912

Allocating group tables: done
Writing inode tables: done
Creating journal (16384 blocks): done
Writing superblocks and filesystem accounting information: done

root@ip-172-31-16-245:~# **mkdir data**

root@ip-172-31-16-245:~# **mount /dev/vg1/lv0 data**

root@ip-172-31-16-245:~# **df -h**

Filesystem           Size  Used Avail Use% Mounted on
/dev/root            7.6G  1.6G  6.0G  21% /
tmpfs                475M     0  475M   0% /dev/shm
tmpfs                190M  876K  190M   1% /run
tmpfs                5.0M     0  5.0M   0% /run/lock
/dev/xvda15          105M  6.1M   99M   6% /boot/efi
tmpfs                 95M  4.0K   95M   1% /run/user/1000

**/dev/mapper/vg1-lv0  2.9G   24K  2.8G   1% /root/data**

root@ip-172-31-16-245:~# **cd data**

root@ip-172-31-16-245:~/data# **ll**
total 24
drwxr-xr-x 3 root root  4096 Mar 14 07:01 ./
drwx------ 5 root root  4096 Mar 14 07:03 ../
drwx------ 2 root root 16384 Mar 14 07:01 lost+found/

root@ip-172-31-16-245:~/data# **touch test{1..10}.txt**

root@ip-172-31-16-245:~/data# **ll**
total 24
drwxr-xr-x 3 root root  4096 Mar 14 07:08 ./
drwx------ 5 root root  4096 Mar 14 07:03 ../
drwx------ 2 root root 16384 Mar 14 07:01 lost+found/
-rw-r--r-- 1 root root     0 Mar 14 07:08 test1.txt
-rw-r--r-- 1 root root     0 Mar 14 07:08 test10.txt
-rw-r--r-- 1 root root     0 Mar 14 07:08 test2.txt
-rw-r--r-- 1 root root     0 Mar 14 07:08 test3.txt
-rw-r--r-- 1 root root     0 Mar 14 07:08 test4.txt
-rw-r--r-- 1 root root     0 Mar 14 07:08 test5.txt
-rw-r--r-- 1 root root     0 Mar 14 07:08 test6.txt
-rw-r--r-- 1 root root     0 Mar 14 07:08 test7.txt
-rw-r--r-- 1 root root     0 Mar 14 07:08 test8.txt
-rw-r--r-- 1 root root     0 Mar 14 07:08 test9.txt

root@ip-172-31-16-245:~/data# **cd**

root@ip-172-31-16-245:~#