Today I perform one small task about swap space: 


root@ip-172-31-16-245:~# **lsblk**

NAME        MAJ:MIN RM  SIZE RO TYPE MOUNTPOINTS
loop0         7:0    0 24.9M  1 loop /snap/amazon-ssm-agent/7628
loop1         7:1    0 55.7M  1 loop /snap/core18/2812
loop2         7:2    0 63.9M  1 loop /snap/core20/2105
loop3         7:3    0   87M  1 loop /snap/lxd/26881
loop4         7:4    0 40.4M  1 loop /snap/snapd/20671
loop5         7:5    0 63.9M  1 loop /snap/core20/2182
loop6         7:6    0   87M  1 loop /snap/lxd/27428
loop7         7:7    0 39.1M  1 loop /snap/snapd/21184
xvda        202:0    0    8G  0 disk
├─xvda1     202:1    0  7.9G  0 part /
├─xvda14    202:14   0    4M  0 part
└─xvda15    202:15   0  106M  0 part /boot/efi
xvdb        202:16   0    5G  0 disk
└─xvdb1     202:17   0    2G  0 part
  └─vg1-lv0 253:0    0    3G  0 lvm  /root/data
xvdc        202:32   0    5G  0 disk
└─xvdc1     202:33   0    2G  0 part
  └─vg1-lv0 253:0    0    3G  0 lvm  /root/data

root@ip-172-31-16-245:~# **free -ght**

               total        used        free      shared  buff/cache   available
Mem:           949Mi       188Mi       188Mi       0.0Ki       573Mi       574Mi
Swap:             0B          0B          0B
Total:         949Mi       188Mi       188Mi

root@ip-172-31-16-245:~# **fdisk /dev/xvdc**


Welcome to fdisk (util-linux 2.37.2).
Changes will remain in memory only, until you decide to write them.
Be careful before using the write command.

This disk is currently in use - repartitioning is probably a bad idea.
It's recommended to umount all file systems, and swapoff all swap
partitions on this disk.


Command (m for help): **m**

Help:

  DOS (MBR)
   a   toggle a bootable flag
   b   edit nested BSD disklabel
   c   toggle the dos compatibility flag

  Generic
   d   delete a partition
   F   list free unpartitioned space
   l   list known partition types
   n   add a new partition
   p   print the partition table
   t   change a partition type
   v   verify the partition table
   i   print information about a partition

  Misc
   m   print this menu
   u   change display/entry units
   x   extra functionality (experts only)

  Script
   I   load disk layout from sfdisk script file
   O   dump disk layout to sfdisk script file

  Save & Exit
   w   write table to disk and exit
   q   quit without saving changes

  Create a new label
   g   create a new empty GPT partition table
   G   create a new empty SGI (IRIX) partition table
   o   create a new empty DOS partition table
   s   create a new empty Sun partition table


Command (m for help): **n**
Partition type
   p   primary (1 primary, 0 extended, 3 free)
   e   extended (container for logical partitions)
Select (default p): p
Partition number (2-4, default 2):
First sector (4196352-10485759, default 4196352):
Last sector, +/-sectors or +/-size{K,M,G,T,P} (4196352-10485759, default 10485759): **+1G**

Created a new partition 2 of type 'Linux' and of size 1 GiB.

Command (m for help): **t**
Partition number (1,2, default 2): **2**
Hex code or alias (type L to list all): **l**

00 Empty            24 NEC DOS          81 Minix / old Lin  bf Solaris
01 FAT12            27 Hidden NTFS Win  82 Linux swap / So  c1 DRDOS/sec (FAT-
02 XENIX root       39 Plan 9           83 Linux            c4 DRDOS/sec (FAT-
03 XENIX usr        3c PartitionMagic   84 OS/2 hidden or   c6 DRDOS/sec (FAT-
04 FAT16 <32M       40 Venix 80286      85 Linux extended   c7 Syrinx
05 Extended         41 PPC PReP Boot    86 NTFS volume set  da Non-FS data
06 FAT16            42 SFS              87 NTFS volume set  db CP/M / CTOS / .
07 HPFS/NTFS/exFAT  4d QNX4.x           88 Linux plaintext  de Dell Utility
08 AIX              4e QNX4.x 2nd part  8e Linux LVM        df BootIt
09 AIX bootable     4f QNX4.x 3rd part  93 Amoeba           e1 DOS access
0a OS/2 Boot Manag  50 OnTrack DM       94 Amoeba BBT       e3 DOS R/O
0b W95 FAT32        51 OnTrack DM6 Aux  9f BSD/OS           e4 SpeedStor
0c W95 FAT32 (LBA)  52 CP/M             a0 IBM Thinkpad hi  ea Linux extended
0e W95 FAT16 (LBA)  53 OnTrack DM6 Aux  a5 FreeBSD          eb BeOS fs
0f W95 Ext'd (LBA)  54 OnTrackDM6       a6 OpenBSD          ee GPT
10 OPUS             55 EZ-Drive         a7 NeXTSTEP         ef EFI (FAT-12/16/
11 Hidden FAT12     56 Golden Bow       a8 Darwin UFS       f0 Linux/PA-RISC b
12 Compaq diagnost  5c Priam Edisk      a9 NetBSD           f1 SpeedStor
14 Hidden FAT16 <3  61 SpeedStor        ab Darwin boot      f4 SpeedStor
16 Hidden FAT16     63 GNU HURD or Sys  af HFS / HFS+       f2 DOS secondary
17 Hidden HPFS/NTF  64 Novell Netware   b7 BSDI fs          fb VMware VMFS
18 AST SmartSleep   65 Novell Netware   b8 BSDI swap        fc VMware VMKCORE
1b Hidden W95 FAT3  70 DiskSecure Mult  bb Boot Wizard hid  fd Linux raid auto
1c Hidden W95 FAT3  75 PC/IX            bc Acronis FAT32 L  fe LANstep
1e Hidden W95 FAT1  80 Old Minix        be Solaris boot     ff BBT

Aliases:
   linux          - 83
   swap           - 82
   extended       - 05
   uefi           - EF
   raid           - FD
   lvm            - 8E
   linuxex        - 85
Hex code or alias (type L to list all): **82**

Changed type of partition 'Linux' to 'Linux swap / Solaris'.

Command (m for help): **w**

The partition table has been altered.
Syncing disks.

root@ip-172-31-16-245:~# lsblk
NAME        MAJ:MIN RM  SIZE RO TYPE MOUNTPOINTS
loop0         7:0    0 24.9M  1 loop /snap/amazon-ssm-agent/7628
loop1         7:1    0 55.7M  1 loop /snap/core18/2812
loop2         7:2    0 63.9M  1 loop /snap/core20/2105
loop3         7:3    0   87M  1 loop /snap/lxd/26881
loop4         7:4    0 40.4M  1 loop /snap/snapd/20671
loop5         7:5    0 63.9M  1 loop /snap/core20/2182
loop6         7:6    0   87M  1 loop /snap/lxd/27428
loop7         7:7    0 39.1M  1 loop /snap/snapd/21184
xvda        202:0    0    8G  0 disk
├─xvda1     202:1    0  7.9G  0 part /
├─xvda14    202:14   0    4M  0 part
└─xvda15    202:15   0  106M  0 part /boot/efi
xvdb        202:16   0    5G  0 disk
└─xvdb1     202:17   0    2G  0 part
  └─vg1-lv0 253:0    0    3G  0 lvm  /root/data
xvdc        202:32   0    5G  0 disk
├─xvdc1     202:33   0    2G  0 part
│ └─vg1-lv0 253:0    0    3G  0 lvm  /root/data

└─**xvdc2     202:34   0    1G  0 part**

root@ip-172-31-16-245:~#
root@ip-172-31-16-245:~#
root@ip-172-31-16-245:~# partprobe -d
root@ip-172-31-16-245:~# lsblk
NAME        MAJ:MIN RM  SIZE RO TYPE MOUNTPOINTS
loop0         7:0    0 24.9M  1 loop /snap/amazon-ssm-agent/7628
loop1         7:1    0 55.7M  1 loop /snap/core18/2812
loop2         7:2    0 63.9M  1 loop /snap/core20/2105
loop3         7:3    0   87M  1 loop /snap/lxd/26881
loop4         7:4    0 40.4M  1 loop /snap/snapd/20671
loop5         7:5    0 63.9M  1 loop /snap/core20/2182
loop6         7:6    0   87M  1 loop /snap/lxd/27428
loop7         7:7    0 39.1M  1 loop /snap/snapd/21184
xvda        202:0    0    8G  0 disk
├─xvda1     202:1    0  7.9G  0 part /
├─xvda14    202:14   0    4M  0 part
└─xvda15    202:15   0  106M  0 part /boot/efi
xvdb        202:16   0    5G  0 disk
└─xvdb1     202:17   0    2G  0 part
  └─vg1-lv0 253:0    0    3G  0 lvm  /root/data
xvdc        202:32   0    5G  0 disk
├─xvdc1     202:33   0    2G  0 part
│ └─vg1-lv0 253:0    0    3G  0 lvm  /root/data
└─xvdc2     202:34   0    1G  0 part

root@ip-172-31-16-245:~# **mkswap /dev/xvdc2**

Setting up swapspace version 1, size = 1024 MiB (1073737728 bytes)
no label, UUID=6eb144fd-bb31-427d-99ca-f0e298ebdc7b

root@ip-172-31-16-245:~# **swapon /dev/xvdc2**

root@ip-172-31-16-245:~# **free -ght**

               total        used        free      shared  buff/cache   available
Mem:           949Mi       188Mi       180Mi       0.0Ki       581Mi       574Mi
Swap:          1.0Gi          0B       1.0Gi
Total:         1.9Gi       188Mi       1.2Gi

root@ip-172-31-16-245:~# **swapon -s**

Filename                                Type            Size            Used            Priority
/dev/xvdc2                              partition       1048572         0               -2
root@ip-172-31-16-245:~# **swapoff /dev/xvdc2**

root@ip-172-31-16-245:~# **free -ght**

               total        used        free      shared  buff/cache   available
Mem:           949Mi       199Mi       168Mi       0.0Ki       581Mi       562Mi
Swap:             0B          0B          0B
Total:         949Mi       199Mi       168Mi
